 ⨯ Error: Cannot find module './vendor-chunks/@swc.js'
Require stack:
- F:\matrixo-website-deployment\.next\server\webpack-runtime.js
- F:\matrixo-website-deployment\.next\server\pages\_document.js
- F:\matrixo-website-deployment\node_modules\next\dist\server\require.js
- F:\matrixo-website-deployment\node_modules\next\dist\server\next-server.js
- F:\matrixo-website-deployment\node_modules\next\dist\server\next.js
- F:\matrixo-website-deployment\node_modules\next\dist\server\lib\start-server.js
- F:\matrixo-website-deployment\node_modules\next\dist\cli\next-start.js
    at Module.<anonymous> (node:internal/modules/cjs/loader:1456:15)
    at F:\matrixo-website-deployment\node_modules\next\dist\server\require-hook.js:55:36
    at defaultResolveImpl (node:internal/modules/cjs/loader:1066:19)
    at resolveForCJSWithHooks (node:internal/modules/cjs/loader:1071:22)
    at Module._load (node:internal/modules/cjs/loader:1242:25)
    at wrapModuleLoad (node:internal/modules/cjs/loader:255:19)
    at Module.<anonymous> (node:internal/modules/cjs/loader:1556:12)
    at mod.require (F:\matrixo-website-deployment\node_modules\next\dist\server\require-hook.js:65:28)
    at require (node:internal/modules/helpers:152:16)
    at __webpack_require__.f.require (F:\matrixo-website-deployment\.next\server\webpack-runtime.js:198:28) {
  code: 'MODULE_NOT_FOUND',
  requireStack: [
    'F:\\matrixo-website-deployment\\.next\\server\\webpack-runtime.js',
    'F:\\matrixo-website-deployment\\.next\\server\\pages\\_document.js',
    'F:\\matrixo-website-deployment\\node_modules\\next\\dist\\server\\require.js',
    'F:\\matrixo-website-deployment\\node_modules\\next\\dist\\server\\next-server.js',
    'F:\\matrixo-website-deployment\\node_modules\\next\\dist\\server\\next.js',
    'F:\\matrixo-website-deployment\\node_modules\\next\\dist\\server\\lib\\start-server.js',
    'F:\\matrixo-website-deployment\\node_modules\\next\\dist\\cli\\next-start.js'
  ]
}
 ⨯ Error: Cannot find module './1682.js'
Require stack:
- F:\matrixo-website-deployment\.next\server\webpack-runtime.js
- F:\matrixo-website-deployment\.next\server\pages\_document.js
- F:\matrixo-website-deployment\node_modules\next\dist\server\require.js
- F:\matrixo-website-deployment\node_modules\next\dist\server\next-server.js
- F:\matrixo-website-deployment\node_modules\next\dist\server\next.js
- F:\matrixo-website-deployment\node_modules\next\dist\server\lib\start-server.js
- F:\matrixo-website-deployment\node_modules\next\dist\cli\next-start.js
    at Module.<anonymous> (node:internal/modules/cjs/loader:1456:15)
    at F:\matrixo-website-deployment\node_modules\next\dist\server\require-hook.js:55:36
    at defaultResolveImpl (node:internal/modules/cjs/loader:1066:19)
    at resolveForCJSWithHooks (node:internal/modules/cjs/loader:1071:22)
    at Module._load (node:internal/modules/cjs/loader:1242:25)
    at wrapModuleLoad (node:internal/modules/cjs/loader:255:19)
    at Module.<anonymous> (node:internal/modules/cjs/loader:1556:12)
    at mod.require (F:\matrixo-website-deployment\node_modules\next\dist\server\require-hook.js:65:28)
    at require (node:internal/modules/helpers:152:16)
    at __webpack_require__.f.require (F:\matrixo-website-deployment\.next\server\webpack-runtime.js:198:28) {
  code: 'MODULE_NOT_FOUND',
  requireStack: [
    'F:\\matrixo-website-deployment\\.next\\server\\webpack-runtime.js',
    'F:\\matrixo-website-deployment\\.next\\server\\pages\\_document.js',
    'F:\\matrixo-website-deployment\\node_modules\\next\\dist\\server\\require.js',
    'F:\\matrixo-website-deployment\\node_modules\\next\\dist\\server\\next-server.js',
    'F:\\matrixo-website-deployment\\node_modules\\next\\dist\\server\\next.js',
    'F:\\matrixo-website-deployment\\node_modules\\next\\dist\\server\\lib\\start-server.js',
    'F:\\matrixo-website-deployment\\node_modules\\next\\dist\\cli\\next-start.js'
  ]
}
 ⨯ Error: Cannot find module './vendor-chunks/@swc.js'
Require stack:
- F:\matrixo-website-deployment\.next\server\webpack-runtime.js
- F:\matrixo-website-deployment\.next\server\pages\_document.js
- F:\matrixo-website-deployment\node_modules\next\dist\server\require.js
- F:\matrixo-website-deployment\node_modules\next\dist\server\next-server.js
- F:\matrixo-website-deployment\node_modules\next\dist\server\next.js
- F:\matrixo-website-deployment\node_modules\next\dist\server\lib\start-server.js
- F:\matrixo-website-deployment\node_modules\next\dist\cli\next-start.js
    at Module.<anonymous> (node:internal/modules/cjs/loader:1456:15)
    at F:\matrixo-website-deployment\node_modules\next\dist\server\require-hook.js:55:36
    at defaultResolveImpl (node:internal/modules/cjs/loader:1066:19)
    at resolveForCJSWithHooks (node:internal/modules/cjs/loader:1071:22)
    at Module._load (node:internal/modules/cjs/loader:1242:25)
    at wrapModuleLoad (node:internal/modules/cjs/loader:255:19)
    at Module.<anonymous> (node:internal/modules/cjs/loader:1556:12)
    at mod.require (F:\matrixo-website-deployment\node_modules\next\dist\server\require-hook.js:65:28)
    at require (node:internal/modules/helpers:152:16)
    at __webpack_require__.f.require (F:\matrixo-website-deployment\.next\server\webpack-runtime.js:198:28) {
  code: 'MODULE_NOT_FOUND',
  requireStack: [
    'F:\\matrixo-website-deployment\\.next\\server\\webpack-runtime.js',
    'F:\\matrixo-website-deployment\\.next\\server\\pages\\_document.js',
    'F:\\matrixo-website-deployment\\node_modules\\next\\dist\\server\\require.js',
    'F:\\matrixo-website-deployment\\node_modules\\next\\dist\\server\\next-server.js',
    'F:\\matrixo-website-deployment\\node_modules\\next\\dist\\server\\next.js',
    'F:\\matrixo-website-deployment\\node_modules\\next\\dist\\server\\lib\\start-server.js',
    'F:\\matrixo-website-deployment\\node_modules\\next\\dist\\cli\\next-start.js'
  ]
}
